// Jest Snapshot v1, https://goo.gl/fbAQLP

exports[`CheckboxGroup > CheckboxGroup.vue renders OXD CheckboxGroup 1`] = `
<div class="oxd-input-group">
  <div class="oxd-input-group__label-wrapper">
    <!--v-if-->
    <!--v-if-->
    <!--v-if-->
  </div>
  <div class="check-box-column">
    <div class="oxd-checkbox-wrapper"><label class="">
        <!--v-if--><input type="checkbox" id="check-box-group-id_1" value="1"><span class="oxd-checkbox-input oxd-checkbox-input--active --label-right oxd-checkbox-input"><i class="oxd-svg-icon oxd-svg-icon--xxx-small oxd-checkbox-input-icon"><svg xmlns="http://www.w3.org/2000/svg" viewBox="0 0 8 8"><path fill="fill:currentColor" d="M6.564.75l-3.59 3.612-1.538-1.55L0 4.26l2.974 2.99L8 2.193z"></path></svg></i></span>Item one
      </label></div>
    <div class="oxd-checkbox-wrapper"><label class="">
        <!--v-if--><input type="checkbox" id="check-box-group-id_2" value="2"><span class="oxd-checkbox-input oxd-checkbox-input--active --label-right oxd-checkbox-input"><i class="oxd-svg-icon oxd-svg-icon--xxx-small oxd-checkbox-input-icon"><svg xmlns="http://www.w3.org/2000/svg" viewBox="0 0 8 8"><path fill="fill:currentColor" d="M6.564.75l-3.59 3.612-1.538-1.55L0 4.26l2.974 2.99L8 2.193z"></path></svg></i></span>Item two
      </label></div>
  </div>
  <!--v-if-->
</div>
`;
